// Jest Snapshot v1, https://goo.gl/fbAQLP

exports[`Prueba del componente <GifExpertApp /> Debe hacer match con el snapshot 1`] = `
<div>
  <h1>
    Gif Expert App
  </h1>
  <form
    aria-label="form"
  >
    <input
      placeholder="Buscar gifs"
      type="text"
      value=""
    />
  </form>
  <ol>
    <h2>
      Cargando...
    </h2>
    <h3>
      One Punch
    </h3>
    <div
      class="card-grid"
    />
  </ol>
</div>
`;
