// Jest Snapshot v1, https://goo.gl/fbAQLP

exports[`Prueba del componente GifItem Debe hacer match con el snapshot  1`] = `
<div>
  <div
    class="card"
  >
    <img
      alt="valorant"
      src="https://valorant.com/calo.jpg"
    />
    <p>
      valorant
    </p>
  </div>
</div>
`;
